[
    {
        "message": "front_wheels_encoders.right.speed_rads",
        "values": [
            0,
            0,
            0
        ]
    }
]