[
    {
        "message": "imu_old.gyro",
        "values": [
            {
                "scale": 500,
                "x": -0.19999999999998863,
                "y": -0.19999999999998863,
                "z": 0
            },
            {
                "scale": 500,
                "x": -0.19999999999998863,
                "y": -0.10000000000002274,
                "z": 0.39999999999997726
            },
            {
                "scale": 500,
                "x": 0.10000000000002274,
                "y": 0.19999999999998863,
                "z": 0.30000000000001137
            },
            {
                "scale": 500,
                "x": -0.10000000000002274,
                "y": 0.10000000000002274,
                "z": -0.10000000000002274
            }
        ]
    }
]