[
    {
        "message": "inverters.right.temperature_motors",
        "values": [
            10220,
            10222,
            10222,
            10223,
            10221
        ]
    }
]