[
    {
        "message": "gps.gga",
        "values": [
            {
                "altitude": 46.1,
                "ew_indicator": "E",
                "latitude": 46.06703333333333,
                "latitude_safe": 4606.703333333333,
                "longitude": 11.149027666666665,
                "longitude_safe": 1114.9027666666666,
                "ns_indicator": "N",
                "utc_time": "164926.82"
            },
            {
                "altitude": 46.1,
                "ew_indicator": "E",
                "latitude": 46.067033166666675,
                "latitude_safe": 4606.703316666668,
                "longitude": 11.149027666666665,
                "longitude_safe": 1114.9027666666666,
                "ns_indicator": "N",
                "utc_time": "164930.54"
            },
            {
                "altitude": 46.1,
                "ew_indicator": "E",
                "latitude": 46.06703333333333,
                "latitude_safe": 4606.703333333333,
                "longitude": 11.149027333333333,
                "longitude_safe": 1114.9027333333333,
                "ns_indicator": "N",
                "utc_time": "164933.24"
            },
            {
                "altitude": 46.1,
                "ew_indicator": "E",
                "latitude": 46.06703366666667,
                "latitude_safe": 4606.703366666667,
                "longitude": 11.149026833333334,
                "longitude_safe": 1114.9026833333335,
                "ns_indicator": "N",
                "utc_time": "164935.16"
            },
            {
                "altitude": 46.1,
                "ew_indicator": "E",
                "latitude": 46.06703283333332,
                "latitude_safe": 4606.703283333332,
                "longitude": 11.149016666666668,
                "longitude_safe": 1114.9016666666669,
                "ns_indicator": "N",
                "utc_time": "164936.84"
            },
            {
                "altitude": 46.1,
                "ew_indicator": "E",
                "latitude": 46.06703200000001,
                "latitude_safe": 4606.703200000001,
                "longitude": 11.1490045,
                "longitude_safe": 1114.90045,
                "ns_indicator": "N",
                "utc_time": "164938.22"
            },
            {
                "altitude": 46.1,
                "ew_indicator": "E",
                "latitude": 46.06703216666667,
                "latitude_safe": 4606.703216666667,
                "longitude": 11.149040666666668,
                "longitude_safe": 1114.9040666666667,
                "ns_indicator": "N",
                "utc_time": "165131.02"
            }
        ]
    }
]