[
    {
        "message": "imu_old.accel",
        "values": [
            {
                "scale": 4,
                "x": -0.009999999999999787,
                "y": -0.029999999999999805,
                "z": 0.009999999999999787
            },
            {
                "scale": 4,
                "x": -0.009999999999999787,
                "y": -0.020000000000000018,
                "z": 0.009999999999999787
            },
            {
                "scale": 4,
                "x": 0,
                "y": -0.020000000000000018,
                "z": 0.009999999999999787
            },
            {
                "scale": 4,
                "x": -0.009999999999999787,
                "y": -0.020000000000000018,
                "z": 0.019999999999999574
            }
        ]
    }
]