[
    {
        "message": "imu.gyro",
        "values": [
            {
                "x": 0.91,
                "y": -0.16,
                "z": 1.4
            },
            {
                "x": 1.03,
                "y": -0.13,
                "z": 1.41
            },
            {
                "x": 0.97,
                "y": -0.2,
                "z": 1.38
            },
            {
                "x": 1.03,
                "y": -0.14,
                "z": 1.3
            },
            {
                "x": 0.99,
                "y": -0.07,
                "z": 1.3
            },
            {
                "x": 0.94,
                "y": -0.18,
                "z": 1.33
            },
            {
                "x": 0.92,
                "y": -0.12,
                "z": 1.29
            },
            {
                "x": 0.96,
                "y": -0.17,
                "z": 1.27
            },
            {
                "x": 0.87,
                "y": -0.15,
                "z": 1.23
            },
            {
                "x": 0.88,
                "y": -0.14,
                "z": 1.25
            }
        ]
    }
]