[
    18,
    0,
    0,
    16,
    18,
    5,
    7,
    9,
    0,
    18
]