[
    {
        "message": "inverters.left.temperature_motors",
        "values": [
            14.992740471869334,
            15.029038112522692,
            15.029038112522692,
            15.047186932849371,
            15.010889292196014
        ]
    }
]