[
    {
        "message": "front_wheels_encoders.left.speed",
        "values": [
            {
                "error_flag": 0,
                "speed": 0
            },
            {
                "error_flag": 0,
                "speed": 0
            },
            {
                "error_flag": 0,
                "speed": 0
            },
            {
                "error_flag": 0,
                "speed": 0
            }
        ]
    }
]