[
    {
        "message": "bms_hv.temperature",
        "values": [
            {
                "average": 13,
                "max": 14,
                "min": 11
            },
            {
                "average": 13,
                "max": 14,
                "min": 11
            },
            {
                "average": 13,
                "max": 14,
                "min": 11
            },
            {
                "average": 13,
                "max": 14,
                "min": 11
            },
            {
                "average": 13,
                "max": 14,
                "min": 11
            },
            {
                "average": 13,
                "max": 14,
                "min": 11
            }
        ]
    }
]