[
    {
        "message": "inverters.left.torque",
        "values": [
            0,
            776,
            817,
            572,
            980
        ]
    }
]