[
    {
        "message": "imu.accel",
        "values": [
            {
                "x": 0.0,
                "y": 0.03,
                "z": -0.98
            },
            {
                "x": 0.0,
                "y": 0.03,
                "z": -0.98
            },
            {
                "x": 0.0,
                "y": 0.03,
                "z": -0.98
            },
            {
                "x": 0.0,
                "y": 0.03,
                "z": -0.97
            },
            {
                "x": 0.0,
                "y": 0.03,
                "z": -0.98
            },
            {
                "x": 0.0,
                "y": 0.03,
                "z": -0.98
            },
            {
                "x": 0.0,
                "y": 0.03,
                "z": -0.98
            },
            {
                "x": 0.0,
                "y": 0.03,
                "z": -0.98
            },
            {
                "x": 0.0,
                "y": 0.03,
                "z": -0.98
            },
            {
                "x": 0.0,
                "y": 0.03,
                "z": -0.97
            }
        ]
    }
]