[
    {
        "message": "inverters.right.temperature_motors",
        "values": [
            14.992740631103516,
            15.029038429260254,
            15.029038429260254,
            15.047186851501465,
            15.010889053344727
        ]
    }
]