[
    {
        "message": "inverters.right.torque",
        "values": [
            -170.4882049560547,
            -156.40472412109375,
            -155.66061401367188,
            -160.10707092285156,
            -152.70236206054688
        ]
    }
]