[
    {
        "message": "bms_lv.values",
        "values": [
            {
              "temperature": 18.2,
              "voltage": 15.5
            },
            {
              "temperature": 17.6,
              "voltage": 15.5
            },
            {
              "temperature": 17.4,
              "voltage": 15.5
            },
            {
              "temperature": 17.4,
              "voltage": 15.5
            }
        ]
    }
]