[
    {
        "message": "steering_wheel.gears",
        "values": [
            
        ]
    }
]