[
    {
        "message": "bms_hv.errors",
        "values": [
            
        ]
    }
]