[
    {
        "message": "inverters.left.temperature_igbt",
        "values": [
            28.915911957202308,
            28.95158859132594,
            28.96050774985685,
            28.942669432795032,
            28.96050774985685
        ]
    }
]