[
    {
        "message": "pedals.brake",
        "values": [
            {
                "is_breaking": 0,
                "pressure_back": 10,
                "pressure_front": 10
            },
            {
                "is_breaking": 100,
                "pressure_back": 11,
                "pressure_front": 11
            },
            {
                "is_breaking": 100,
                "pressure_back": 10,
                "pressure_front": 11
            },
            {
                "is_breaking": 100,
                "pressure_back": 10,
                "pressure_front": 11
            }
        ]
    }
]