[
    {
        "message": "steering_wheel.encoder",
        "values": [
            112.41,
            113.19,
            50.94,
            51.07,
            105.13,
            61.72
        ]
    }
]