[
    {
        "message": "bms_hv.voltage",
        "values": [
            {
                "total": 438.016,
                "max": 4.0811,
                "min": 4.008
            },
            {
                "total": 438.016,
                "max": 4.0809,
                "min": 4.0078
            },
            {
                "total": 438.1952,
                "max": 4.0809,
                "min": 4.0075
            },
            {
                "total": 438.016,
                "max": 4.0813,
                "min": 4.008
            },
            {
                "total": 438.016,
                "max": 4.0816,
                "min": 4.0078
            },
            {
                "total": 437.9904,
                "max": 4.0807,
                "min": 4.008
            },
            {
                "total": 449.9968,
                "max": 0,
                "min": 0
            }

        ]
    }
]