[
    {
        "message": "gps.rmc",
        "values": [
            {
                "date": "230220",
                "ew_indicator": "E",
                "ground_speed_knots": 0.103,
                "latitude": 46.06703333333333,
                "longitude": 11.149027666666665,
                "ns_indicator": "N",
                "utc_time": "164926.94"
            },
            {
                "date": "230220",
                "ew_indicator": "E",
                "ground_speed_knots": 0.273,
                "latitude": 46.06703333333333,
                "longitude": 11.149027499999999,
                "ns_indicator": "N",
                "utc_time": "164927.72"
            },
            {
                "date": "230220",
                "ew_indicator": "E",
                "ground_speed_knots": 0.128,
                "latitude": 46.06703333333333,
                "longitude": 11.149027499999999,
                "ns_indicator": "N",
                "utc_time": "164927.96"
            },
            {
                "date": "230220",
                "ew_indicator": "E",
                "ground_speed_knots": 0.072,
                "latitude": 46.06703333333333,
                "longitude": 11.149027666666665,
                "ns_indicator": "N",
                "utc_time": "164928.56"
            },
            {
                "date": "230220",
                "ew_indicator": "E",
                "ground_speed_knots": 0.248,
                "latitude": 46.06703333333333,
                "longitude": 11.149027499999999,
                "ns_indicator": "N",
                "utc_time": "164933.42"
            },
            {
                "date": "230220",
                "ew_indicator": "E",
                "ground_speed_knots": 1.653,
                "latitude": 46.066836166666654,
                "longitude": 11.14896966666667,
                "ns_indicator": "N",
                "utc_time": "165015.48"
            },
            {
                "date": "230220",
                "ew_indicator": "E",
                "ground_speed_knots": 1.976,
                "latitude": 46.06668783333333,
                "longitude": 11.149099000000001,
                "ns_indicator": "N",
                "utc_time": "165051.90"
            },
            {
                "date": "230220",
                "ew_indicator": "E",
                "ground_speed_knots": 2.194,
                "latitude": 46.06698333333334,
                "longitude": 11.149120833333335,
                "ns_indicator": "N",
                "utc_time": "165122.98"
            }
        ]
    }
]