[
    {
        "message": "distance",
        "values": [
            {
                "meters": 93,
                "rotations": 75,
                "angle": 0,
                "clock_period": 0
            },
            {
                "meters": 106,
                "rotations": 86,
                "angle": 0,
                "clock_period": 0
            },
            {
                "meters": 0,
                "rotations": 0,
                "angle": 0,
                "clock_period": 0
            }
        ]
    }
]