[
    {
        "message": "front_wheels_encoders.left.speed_rads",
        "values": [
            0,
            0.0076,
            -0.0076
        ]
    }
]