[
    {
        "message": "steering_wheel.encoder",
        "values": [
            43,
            44,
            19,
            19,
            41,
            24
        ]
    }
]