[
    {
        "message": "bms_hv.warnings",
        "values": [
            {
                "fault_id": 1,
                "fault_index": 7
            },
            {
                "fault_id": 1,
                "fault_index": 8
            },
            {
                "fault_id": 1,
                "fault_index": 3
            },
            {
                "fault_id": 1,
                "fault_index": 4
            }
        ]
    }
]