[
    {
        "message": "inverters.left.temperature_igbt",
        "values": [
            19039,
            19043,
            19044,
            19042,
            19044
        ]
    }
]