[
    {
        "message": "inverters.right.speed",
        "values": [
            0,
            0,
            3,
            0
        ]
    }
]