[
    {
        "message": "imu.gyro",
        "values": [
            {
                "x": 0.351409912109375,
                "y": -0.0710296630859375,
                "z": 0.5084228515625
            },
            {
                "x": 0.381317138671875,
                "y": -0.0635528564453125,
                "z": 0.456085205078125
            },
            {
                "x": 0.351409912109375,
                "y": -0.0560760498046875,
                "z": 0.4523468017578125
            },
            {
                "x": 0.396270751953125,
                "y": -0.0785064697265625,
                "z": 0.4747772216796875
            },
            {
                "x": 0.3850555419921875,
                "y": -0.0411224365234375,
                "z": 0.49346923828125
            }
        ]
    }
]