[
    {
        "message": "imu.accel",
        "values": [
            {
                "x": 0,
                "y": 0.03662109375,
                "z": -1.1962890625
            },
            {
                "x": 0,
                "y": 0.03662109375,
                "z": -1.18408203125
            },
            {
                "x": 0,
                "y": 0.03662109375,
                "z": -1.18408203125
            },
            {
                "x": 0.01220703125,
                "y": 0.03662109375,
                "z": -1.18408203125
            },
            {
                "x": 0.01220703125,
                "y": 0.03662109375,
                "z": -1.1962890625
            }
        ]
    }
]