[
    {
        "message": "bms_hv.voltage",
        "values": [
            {
                "total": 438.0221,
                "max": 4.0811,
                "min": 4.008
            },
            {
                "total": 438.0254,
                "max": 4.0809,
                "min": 4.0078
            },
            {
                "total": 438.2016,
                "max": 4.0809,
                "min": 4.0075
            },
            {
                "total": 438.0167,
                "max": 4.0813,
                "min": 4.008
            },
            {
                "total": 438.0256,
                "max": 4.0816,
                "min": 4.0078
            },
            {
                "total": 438.0057,
                "max": 4.0807,
                "min": 4.008
            }
        ]
    }
]