[
    {
        "message": "gps.new.gll",
        "values": [
            {
                "ew_indicator": "E",
                "latitude": 46.06703216666667,
                "longitude": 11.149040666666668,
                "ns_indicator": "N",
                "utc_time": "165131.02"
            },
            {
                "ew_indicator": "E",
                "latitude": 46.06703333333333,
                "longitude": 11.149027666666665,
                "ns_indicator": "N",
                "utc_time": "164926.82"
            },
            {
                "ew_indicator": "E",
                "latitude": 46.06703333333333,
                "longitude": 11.149027499999999,
                "ns_indicator": "N",
                "utc_time": "164927.84"
            },
            {
                "ew_indicator": "E",
                "latitude": 46.06703333333333,
                "longitude": 11.149027499999999,
                "ns_indicator": "N",
                "utc_time": "164928.68"
            },
            {
                "ew_indicator": "E",
                "latitude": 46.066790833333336,
                "longitude": 11.149119,
                "ns_indicator": "N",
                "utc_time": "165102.64"
            },
            {
                "ew_indicator": "E",
                "latitude": 46.066931999999994,
                "longitude": 11.149125499999995,
                "ns_indicator": "N",
                "utc_time": "165117.64"
            }
        ]
    }
]