[
    {
        "message": "inverters.right.temperature_igbt",
        "values": [
            28.915912628173828,
            28.951587677001953,
            28.960508346557617,
            28.942668914794922,
            28.960508346557617
        ]
    }
]